[debug] > Exec(early(addDefaultCommands), None, None)
[debug] > Exec(addDefaultCommands, None, None)
[debug] > Exec(early(initialize), None, None)
[debug] > Exec(initialize, None, None)
[debug] > Exec(early(addPluginSbtFile="""C:\Users\sajid\AppData\Local\Temp\idea.sbt"""), None, None)
[debug] > Exec(addPluginSbtFile="""C:\Users\sajid\AppData\Local\Temp\idea.sbt""", None, None)
[debug] > Exec(boot, None, None)
[debug] > Exec(writeSbtVersion, None, None)
[debug] > Exec(reload, None, None)
[debug] > Exec(sbtStashOnFailure, None, None)
[debug] > Exec(onFailure loadFailed, None, None)
[debug] > Exec(loadp, None, None)
[info] welcome to sbt 1.10.1 (Eclipse Adoptium Java 11.0.26)
[debug] Load.defaultLoad until apply took 137.1878ms
[debug]           Load.loadUnit: plugins took 138.2162ms
[debug]           Load.loadUnit: defsScala took 0.3732ms
[debug] [Loading] Scanning directory C:\Desktop Copy\a2\project
[debug]             Load.loadUnit: mkEval took 17.0111ms
[debug] [Loading] Found non-root projects 
[debug] [Loading] Done in C:\Desktop Copy\a2\project, returning: ()
[debug] deducing auto plugins based on known facts Set(Atom(sbt.plugins.CorePlugin)) and clauses Clauses(Clause(Atom(sbt.plugins.JvmPlugin),Set(Atom(sbt.plugins.IvyPlugin)))
[debug] Clause(Atom(sbt.ScriptedPlugin),Set(Atom(sbt.plugins.JvmPlugin)))
[debug] Clause(Atom(sbt.plugins.SbtPlugin),Set(Atom(sbt.ScriptedPlugin)))
[debug] Clause(Atom(sbt.plugins.SemanticdbPlugin),Set(Atom(sbt.plugins.JvmPlugin)))
[debug] Clause(Atom(sbt.plugins.JUnitXmlReportPlugin),Set(Atom(sbt.plugins.JvmPlugin)))
[debug] Clause(Atom(sbt.plugins.MiniDependencyTreePlugin),Set(Atom(sbt.plugins.JvmPlugin)))
[debug] Clause(Atom(sbt.plugins.CorePlugin),Set(Atom(sbt.plugins.IvyPlugin)))
[debug] Clause(Atom(sbt.plugins.IvyPlugin),Set(Atom(sbt.plugins.JvmPlugin)))
[debug] Clause(Atom(sbt.plugins.JvmPlugin),Set(Atom(sbt.plugins.SemanticdbPlugin)))
[debug] Clause(Atom(sbt.plugins.JvmPlugin),Set(Atom(sbt.plugins.JUnitXmlReportPlugin)))
[debug] Clause(Atom(sbt.plugins.CorePlugin),Set(Atom(sbt.plugins.Giter8TemplatePlugin)))
[debug] Clause(Atom(sbt.plugins.JvmPlugin),Set(Atom(sbt.plugins.MiniDependencyTreePlugin))))
[debug]   :: deduced result: Matched(sbt.plugins.CorePlugin,sbt.plugins.Giter8TemplatePlugin,sbt.plugins.IvyPlugin,sbt.plugins.JvmPlugin,sbt.plugins.MiniDependencyTreePlugin,sbt.plugins.JUnitXmlReportPlugin,sbt.plugins.SemanticdbPlugin)
[debug] Plugins.deducer#function took 24.8992 ms
[info] loading settings for project a2-build from plugins.sbt,idea.sbt ...
[debug]               Load.resolveProject(a2-build) took 60.2414ms
[debug]             Load.loadTransitive: finalizeProject(Project(id a2-build, base: C:\Desktop Copy\a2\project, plugins: List(<none>))) took 113.5609ms
[debug] [Loading] Done in C:\Desktop Copy\a2\project, returning: (a2-build)
[debug]           Load.loadUnit: loadedProjectsRaw took 623.2005ms
[debug]           Load.loadUnit: cleanEvalClasses took 11.2048ms
[debug]         Load.loadUnit(file:/C:/Desktop%20Copy/a2/project/, ...) took 781.6596ms
[debug]       Load.apply: load took 983.3623ms
[debug]       Load.apply: resolveProjects took 7.077ms
[debug]       Load.apply: finalTransforms took 117.1211ms
[debug]       Load.apply: config.delegates took 18.8703ms
[debug]       Load.apply: Def.make(settings)... took 772.5346ms
[debug]       Load.apply: structureIndex took 164.2239ms
[debug]       Load.apply: mkStreams took 2.3197ms
[info] loading project definition from C:\Desktop Copy\a2\project
[debug] Running task... Cancel: Signal, check cycles: false, forcegc: true
[debug]     Load.loadUnit: plugins took 3559.4155ms
[debug]     Load.loadUnit: defsScala took 0.0097ms
[debug] [Loading] Scanning directory C:\Desktop Copy\a2
[debug]       Load.loadUnit: mkEval took 1.3675ms
[debug] [Loading] Found non-root projects 
[debug] [Loading] Done in C:\Desktop Copy\a2, returning: ()
[debug] deducing auto plugins based on known facts Set(Atom(sbt.plugins.CorePlugin)) and clauses Clauses(Clause(Atom(sbt.plugins.JvmPlugin),Set(Atom(sbt.plugins.IvyPlugin)))
[debug] Clause(Atom(sbt.ScriptedPlugin),Set(Atom(sbt.plugins.JvmPlugin)))
[debug] Clause(Atom(sbt.plugins.SbtPlugin),Set(Atom(sbt.ScriptedPlugin)))
[debug] Clause(Atom(sbt.plugins.SemanticdbPlugin),Set(Atom(sbt.plugins.JvmPlugin)))
[debug] Clause(Atom(sbt.plugins.JUnitXmlReportPlugin),Set(Atom(sbt.plugins.JvmPlugin)))
[debug] Clause(Atom(sbt.plugins.MiniDependencyTreePlugin),Set(Atom(sbt.plugins.JvmPlugin)))
[debug] Clause(Atom(sbtide.ConfigPlugin),Set(Atom(sbt.plugins.JvmPlugin)))
[debug] Clause(Atom(org.jetbrains.sbt.StructurePlugin),Set(Atom(sbt.plugins.JvmPlugin)))
[debug] Clause(Atom(org.jetbrains.sbt.IdeaShellPlugin),Set(Atom(sbt.plugins.JvmPlugin)))
[debug] Clause(Atom(sbt.plugins.CorePlugin),Set(Atom(sbt.plugins.IvyPlugin)))
[debug] Clause(Atom(sbt.plugins.IvyPlugin),Set(Atom(sbt.plugins.JvmPlugin)))
[debug] Clause(Atom(sbt.plugins.JvmPlugin),Set(Atom(sbt.plugins.SemanticdbPlugin)))
[debug] Clause(Atom(sbt.plugins.JvmPlugin),Set(Atom(sbt.plugins.JUnitXmlReportPlugin)))
[debug] Clause(Atom(sbt.plugins.CorePlugin),Set(Atom(sbt.plugins.Giter8TemplatePlugin)))
[debug] Clause(Atom(sbt.plugins.JvmPlugin),Set(Atom(sbt.plugins.MiniDependencyTreePlugin)))
[debug] Clause(Atom(sbt.plugins.JvmPlugin),Set(Atom(org.jetbrains.sbt.StructurePlugin)))
[debug] Clause(Atom(sbt.plugins.JvmPlugin),Set(Atom(org.jetbrains.sbt.IdeaShellPlugin))))
[debug]   :: deduced result: Matched(sbt.plugins.CorePlugin,sbt.plugins.Giter8TemplatePlugin,sbt.plugins.IvyPlugin,sbt.plugins.JvmPlugin,sbt.plugins.SemanticdbPlugin,sbt.plugins.JUnitXmlReportPlugin,org.jetbrains.sbt.IdeaShellPlugin,org.jetbrains.sbt.StructurePlugin,sbt.plugins.MiniDependencyTreePlugin)
[debug] Plugins.deducer#function took 8.668 ms
[info] loading settings for project a2 from build.sbt ...
[debug]         Load.resolveProject(a2) took 81.7598ms
[debug]       Load.loadTransitive: finalizeProject(Project(id a2, base: C:\Desktop Copy\a2, plugins: List(<none>))) took 92.1373ms
[debug] [Loading] Done in C:\Desktop Copy\a2, returning: (a2)
[debug]     Load.loadUnit: loadedProjectsRaw took 220.7379ms
[debug]     Load.loadUnit: cleanEvalClasses took 8.6858ms
[debug]   Load.loadUnit(file:/C:/Desktop%20Copy/a2/, ...) took 3792.3363ms
[debug] Load.apply: load took 3830.3745ms
[debug] Load.apply: resolveProjects took 0.2707ms
[debug] Load.apply: finalTransforms took 91.7282ms
[debug] Load.apply: config.delegates took 0.8537ms
[debug] Load.apply: Def.make(settings)... took 269.5127ms
[debug] Load.apply: structureIndex took 108.6873ms
[debug] Load.apply: mkStreams took 0.0083ms
[info] set current project to a2 (in build file:/C:/Desktop%20Copy/a2/)
[debug] > Exec(sbtPopOnFailure, None, None)
[debug] > Exec(resumeFromFailure, None, None)
[debug] > Exec(notifyUsersAboutShell, None, None)
[debug] > Exec(iflast shell, None, None)
[debug] > Exec(idea-shell, None, None)
