[debug] > Exec(early(addDefaultCommands), None, None)
[debug] > Exec(addDefaultCommands, None, None)
[debug] > Exec(early(initialize), None, None)
[debug] > Exec(initialize, None, None)
[debug] > Exec(early(addPluginSbtFile="""C:\Users\sajid\AppData\Local\Temp\idea.sbt"""), None, None)
[debug] > Exec(addPluginSbtFile="""C:\Users\sajid\AppData\Local\Temp\idea.sbt""", None, None)
[debug] > Exec(boot, None, None)
[debug] > Exec(writeSbtVersion, None, None)
[debug] > Exec(reload, None, None)
[debug] > Exec(sbtStashOnFailure, None, None)
[debug] > Exec(onFailure loadFailed, None, None)
[debug] > Exec(loadp, None, None)
[info] welcome to sbt 1.10.1 (Oracle Corporation Java 22.0.1)
[debug] Load.defaultLoad until apply took 130.4358ms
[debug]           Load.loadUnit: plugins took 60.063ms
[debug]           Load.loadUnit: defsScala took 0.1776ms
[debug] [Loading] Scanning directory C:\Desktop Copy\a2\project
[debug]             Load.loadUnit: mkEval took 4.7094ms
[debug] [Loading] Found non-root projects 
[debug] [Loading] Done in C:\Desktop Copy\a2\project, returning: ()
[debug] deducing auto plugins based on known facts Set(Atom(sbt.plugins.CorePlugin)) and clauses Clauses(Clause(Atom(sbt.plugins.JvmPlugin),Set(Atom(sbt.plugins.IvyPlugin)))
[debug] Clause(Atom(sbt.ScriptedPlugin),Set(Atom(sbt.plugins.JvmPlugin)))
[debug] Clause(Atom(sbt.plugins.SbtPlugin),Set(Atom(sbt.ScriptedPlugin)))
[debug] Clause(Atom(sbt.plugins.SemanticdbPlugin),Set(Atom(sbt.plugins.JvmPlugin)))
[debug] Clause(Atom(sbt.plugins.JUnitXmlReportPlugin),Set(Atom(sbt.plugins.JvmPlugin)))
[debug] Clause(Atom(sbt.plugins.MiniDependencyTreePlugin),Set(Atom(sbt.plugins.JvmPlugin)))
[debug] Clause(Atom(sbt.plugins.CorePlugin),Set(Atom(sbt.plugins.IvyPlugin)))
[debug] Clause(Atom(sbt.plugins.IvyPlugin),Set(Atom(sbt.plugins.JvmPlugin)))
[debug] Clause(Atom(sbt.plugins.JvmPlugin),Set(Atom(sbt.plugins.SemanticdbPlugin)))
[debug] Clause(Atom(sbt.plugins.JvmPlugin),Set(Atom(sbt.plugins.JUnitXmlReportPlugin)))
[debug] Clause(Atom(sbt.plugins.CorePlugin),Set(Atom(sbt.plugins.Giter8TemplatePlugin)))
[debug] Clause(Atom(sbt.plugins.JvmPlugin),Set(Atom(sbt.plugins.MiniDependencyTreePlugin))))
[debug]   :: deduced result: Matched(sbt.plugins.CorePlugin,sbt.plugins.Giter8TemplatePlugin,sbt.plugins.IvyPlugin,sbt.plugins.JvmPlugin,sbt.plugins.MiniDependencyTreePlugin,sbt.plugins.JUnitXmlReportPlugin,sbt.plugins.SemanticdbPlugin)
[debug] Plugins.deducer#function took 12.7971 ms
[info] loading settings for project a2-build from plugins.sbt,idea.sbt ...
[debug]               Load.resolveProject(a2-build) took 31.6426ms
[debug]             Load.loadTransitive: finalizeProject(Project(id a2-build, base: C:\Desktop Copy\a2\project, plugins: List(<none>))) took 60.1963ms
[debug] [Loading] Done in C:\Desktop Copy\a2\project, returning: (a2-build)
[debug]           Load.loadUnit: loadedProjectsRaw took 264.6405ms
[debug]           Load.loadUnit: cleanEvalClasses took 9.6328ms
[debug]         Load.loadUnit(file:/C:/Desktop%20Copy/a2/project/, ...) took 338.514ms
[debug]       Load.apply: load took 479.9089ms
[debug]       Load.apply: resolveProjects took 5.4235ms
[debug]       Load.apply: finalTransforms took 60.1124ms
[debug]       Load.apply: config.delegates took 10.9973ms
[debug]       Load.apply: Def.make(settings)... took 424.5198ms
[debug]       Load.apply: structureIndex took 86.7117ms
[debug]       Load.apply: mkStreams took 1.5527ms
[info] loading project definition from C:\Desktop Copy\a2\project
[debug] Running task... Cancel: Signal, check cycles: false, forcegc: true
[debug]     Load.loadUnit: plugins took 1949.0254ms
[debug]     Load.loadUnit: defsScala took 0.0027ms
[debug] [Loading] Scanning directory C:\Desktop Copy\a2
[debug]       Load.loadUnit: mkEval took 0.3581ms
[debug] [Loading] Found non-root projects 
[debug] [Loading] Done in C:\Desktop Copy\a2, returning: ()
[debug] deducing auto plugins based on known facts Set(Atom(sbt.plugins.CorePlugin)) and clauses Clauses(Clause(Atom(sbt.plugins.JvmPlugin),Set(Atom(sbt.plugins.IvyPlugin)))
[debug] Clause(Atom(sbt.ScriptedPlugin),Set(Atom(sbt.plugins.JvmPlugin)))
[debug] Clause(Atom(sbt.plugins.SbtPlugin),Set(Atom(sbt.ScriptedPlugin)))
[debug] Clause(Atom(sbt.plugins.SemanticdbPlugin),Set(Atom(sbt.plugins.JvmPlugin)))
[debug] Clause(Atom(sbt.plugins.JUnitXmlReportPlugin),Set(Atom(sbt.plugins.JvmPlugin)))
[debug] Clause(Atom(sbt.plugins.MiniDependencyTreePlugin),Set(Atom(sbt.plugins.JvmPlugin)))
[debug] Clause(Atom(sbtide.ConfigPlugin),Set(Atom(sbt.plugins.JvmPlugin)))
[debug] Clause(Atom(org.jetbrains.sbt.StructurePlugin),Set(Atom(sbt.plugins.JvmPlugin)))
[debug] Clause(Atom(org.jetbrains.sbt.IdeaShellPlugin),Set(Atom(sbt.plugins.JvmPlugin)))
[debug] Clause(Atom(sbt.plugins.CorePlugin),Set(Atom(sbt.plugins.IvyPlugin)))
[debug] Clause(Atom(sbt.plugins.IvyPlugin),Set(Atom(sbt.plugins.JvmPlugin)))
[debug] Clause(Atom(sbt.plugins.JvmPlugin),Set(Atom(sbt.plugins.SemanticdbPlugin)))
[debug] Clause(Atom(sbt.plugins.JvmPlugin),Set(Atom(sbt.plugins.JUnitXmlReportPlugin)))
[debug] Clause(Atom(sbt.plugins.CorePlugin),Set(Atom(sbt.plugins.Giter8TemplatePlugin)))
[debug] Clause(Atom(sbt.plugins.JvmPlugin),Set(Atom(sbt.plugins.MiniDependencyTreePlugin)))
[debug] Clause(Atom(sbt.plugins.JvmPlugin),Set(Atom(org.jetbrains.sbt.StructurePlugin)))
[debug] Clause(Atom(sbt.plugins.JvmPlugin),Set(Atom(org.jetbrains.sbt.IdeaShellPlugin))))
[debug]   :: deduced result: Matched(sbt.plugins.CorePlugin,sbt.plugins.Giter8TemplatePlugin,sbt.plugins.IvyPlugin,sbt.plugins.JvmPlugin,sbt.plugins.SemanticdbPlugin,sbt.plugins.JUnitXmlReportPlugin,org.jetbrains.sbt.IdeaShellPlugin,org.jetbrains.sbt.StructurePlugin,sbt.plugins.MiniDependencyTreePlugin)
[debug] Plugins.deducer#function took 2.2551 ms
[info] loading settings for project a2 from build.sbt ...
[debug]         Load.resolveProject(a2) took 27.2963ms
[debug]       Load.loadTransitive: finalizeProject(Project(id a2, base: C:\Desktop Copy\a2, plugins: List(<none>))) took 30.2329ms
[debug] [Loading] Done in C:\Desktop Copy\a2, returning: (a2)
[debug]     Load.loadUnit: loadedProjectsRaw took 75.9548ms
[debug]     Load.loadUnit: cleanEvalClasses took 6.0669ms
[debug]   Load.loadUnit(file:/C:/Desktop%20Copy/a2/, ...) took 2032.118ms
[debug] Load.apply: load took 2045.9557ms
[debug] Load.apply: resolveProjects took 0.1182ms
[debug] Load.apply: finalTransforms took 38.401ms
[debug] Load.apply: config.delegates took 0.3469ms
[debug] Load.apply: Def.make(settings)... took 79.5792ms
[debug] Load.apply: structureIndex took 27.2357ms
[debug] Load.apply: mkStreams took 0.0039ms
[info] set current project to a2 (in build file:/C:/Desktop%20Copy/a2/)
[debug] > Exec(sbtPopOnFailure, None, None)
[debug] > Exec(resumeFromFailure, None, None)
[debug] > Exec(notifyUsersAboutShell, None, None)
[debug] > Exec(iflast shell, None, None)
[debug] > Exec(idea-shell, None, None)
