[debug] > Exec(early(addDefaultCommands), None, None)
[debug] > Exec(addDefaultCommands, None, None)
[debug] > Exec(early(initialize), None, None)
[debug] > Exec(initialize, None, None)
[debug] > Exec(early(addPluginSbtFile="""C:\Users\sajid\AppData\Local\Temp\idea.sbt"""), None, None)
[debug] > Exec(addPluginSbtFile="""C:\Users\sajid\AppData\Local\Temp\idea.sbt""", None, None)
[debug] > Exec(boot, None, None)
[debug] > Exec(writeSbtVersion, None, None)
[debug] > Exec(reload, None, None)
[debug] > Exec(sbtStashOnFailure, None, None)
[debug] > Exec(onFailure loadFailed, None, None)
[debug] > Exec(loadp, None, None)
[info] welcome to sbt 1.10.1 (Eclipse Adoptium Java 11.0.26)
[debug] Load.defaultLoad until apply took 520.9593ms
[debug]           Load.loadUnit: plugins took 556.7122ms
[debug]           Load.loadUnit: defsScala took 1.7887ms
[debug] [Loading] Scanning directory C:\Desktop Copy\a2\project
[debug]             Load.loadUnit: mkEval took 40.819901ms
[debug] [Loading] Found non-root projects 
[debug] [Loading] Done in C:\Desktop Copy\a2\project, returning: ()
[debug] deducing auto plugins based on known facts Set(Atom(sbt.plugins.CorePlugin)) and clauses Clauses(Clause(Atom(sbt.plugins.JvmPlugin),Set(Atom(sbt.plugins.IvyPlugin)))
[debug] Clause(Atom(sbt.ScriptedPlugin),Set(Atom(sbt.plugins.JvmPlugin)))
[debug] Clause(Atom(sbt.plugins.SbtPlugin),Set(Atom(sbt.ScriptedPlugin)))
[debug] Clause(Atom(sbt.plugins.SemanticdbPlugin),Set(Atom(sbt.plugins.JvmPlugin)))
[debug] Clause(Atom(sbt.plugins.JUnitXmlReportPlugin),Set(Atom(sbt.plugins.JvmPlugin)))
[debug] Clause(Atom(sbt.plugins.MiniDependencyTreePlugin),Set(Atom(sbt.plugins.JvmPlugin)))
[debug] Clause(Atom(sbt.plugins.CorePlugin),Set(Atom(sbt.plugins.IvyPlugin)))
[debug] Clause(Atom(sbt.plugins.IvyPlugin),Set(Atom(sbt.plugins.JvmPlugin)))
[debug] Clause(Atom(sbt.plugins.JvmPlugin),Set(Atom(sbt.plugins.SemanticdbPlugin)))
[debug] Clause(Atom(sbt.plugins.JvmPlugin),Set(Atom(sbt.plugins.JUnitXmlReportPlugin)))
[debug] Clause(Atom(sbt.plugins.CorePlugin),Set(Atom(sbt.plugins.Giter8TemplatePlugin)))
[debug] Clause(Atom(sbt.plugins.JvmPlugin),Set(Atom(sbt.plugins.MiniDependencyTreePlugin))))
[debug]   :: deduced result: Matched(sbt.plugins.CorePlugin,sbt.plugins.Giter8TemplatePlugin,sbt.plugins.IvyPlugin,sbt.plugins.JvmPlugin,sbt.plugins.MiniDependencyTreePlugin,sbt.plugins.JUnitXmlReportPlugin,sbt.plugins.SemanticdbPlugin)
[debug] Plugins.deducer#function took 256.433799 ms
[info] loading settings for project a2-build from plugins.sbt,idea.sbt ...
[debug]               Load.resolveProject(a2-build) took 348.004501ms
[debug]             Load.loadTransitive: finalizeProject(Project(id a2-build, base: C:\Desktop Copy\a2\project, plugins: List(<none>))) took 674.782601ms
[debug] [Loading] Done in C:\Desktop Copy\a2\project, returning: (a2-build)
[debug]           Load.loadUnit: loadedProjectsRaw took 20605.580599ms
[debug]           Load.loadUnit: cleanEvalClasses took 52.2968ms
[debug]         Load.loadUnit(file:/C:/Desktop%20Copy/a2/project/, ...) took 21257.8184ms
[debug]       Load.apply: load took 22120.083599ms
[debug]       Load.apply: resolveProjects took 40.6267ms
[debug]       Load.apply: finalTransforms took 334.6118ms
[debug]       Load.apply: config.delegates took 35.2456ms
[debug]       Load.apply: Def.make(settings)... took 3203.3123ms
[debug]       Load.apply: structureIndex took 1086.9605ms
[debug]       Load.apply: mkStreams took 33.2473ms
[info] loading project definition from C:\Desktop Copy\a2\project
[debug] Running task... Cancel: Signal, check cycles: false, forcegc: true
[debug]     Load.loadUnit: plugins took 37460.8736ms
[debug]     Load.loadUnit: defsScala took 0.042601ms
[debug] [Loading] Scanning directory C:\Desktop Copy\a2
[debug]       Load.loadUnit: mkEval took 3.215199ms
[debug] [Loading] Found non-root projects 
[debug] [Loading] Done in C:\Desktop Copy\a2, returning: ()
[debug] deducing auto plugins based on known facts Set(Atom(sbt.plugins.CorePlugin)) and clauses Clauses(Clause(Atom(sbt.plugins.JvmPlugin),Set(Atom(sbt.plugins.IvyPlugin)))
[debug] Clause(Atom(sbt.ScriptedPlugin),Set(Atom(sbt.plugins.JvmPlugin)))
[debug] Clause(Atom(sbt.plugins.SbtPlugin),Set(Atom(sbt.ScriptedPlugin)))
[debug] Clause(Atom(sbt.plugins.SemanticdbPlugin),Set(Atom(sbt.plugins.JvmPlugin)))
[debug] Clause(Atom(sbt.plugins.JUnitXmlReportPlugin),Set(Atom(sbt.plugins.JvmPlugin)))
[debug] Clause(Atom(sbt.plugins.MiniDependencyTreePlugin),Set(Atom(sbt.plugins.JvmPlugin)))
[debug] Clause(Atom(sbtide.ConfigPlugin),Set(Atom(sbt.plugins.JvmPlugin)))
[debug] Clause(Atom(org.jetbrains.sbt.StructurePlugin),Set(Atom(sbt.plugins.JvmPlugin)))
[debug] Clause(Atom(org.jetbrains.sbt.IdeaShellPlugin),Set(Atom(sbt.plugins.JvmPlugin)))
[debug] Clause(Atom(sbt.plugins.CorePlugin),Set(Atom(sbt.plugins.IvyPlugin)))
[debug] Clause(Atom(sbt.plugins.IvyPlugin),Set(Atom(sbt.plugins.JvmPlugin)))
[debug] Clause(Atom(sbt.plugins.JvmPlugin),Set(Atom(sbt.plugins.SemanticdbPlugin)))
[debug] Clause(Atom(sbt.plugins.JvmPlugin),Set(Atom(sbt.plugins.JUnitXmlReportPlugin)))
[debug] Clause(Atom(sbt.plugins.CorePlugin),Set(Atom(sbt.plugins.Giter8TemplatePlugin)))
[debug] Clause(Atom(sbt.plugins.JvmPlugin),Set(Atom(sbt.plugins.MiniDependencyTreePlugin)))
[debug] Clause(Atom(sbt.plugins.JvmPlugin),Set(Atom(org.jetbrains.sbt.StructurePlugin)))
[debug] Clause(Atom(sbt.plugins.JvmPlugin),Set(Atom(org.jetbrains.sbt.IdeaShellPlugin))))
[debug]   :: deduced result: Matched(sbt.plugins.CorePlugin,sbt.plugins.Giter8TemplatePlugin,sbt.plugins.IvyPlugin,sbt.plugins.JvmPlugin,sbt.plugins.SemanticdbPlugin,sbt.plugins.JUnitXmlReportPlugin,org.jetbrains.sbt.IdeaShellPlugin,org.jetbrains.sbt.StructurePlugin,sbt.plugins.MiniDependencyTreePlugin)
[debug] Plugins.deducer#function took 24.763899 ms
[info] loading settings for project a2 from build.sbt ...
[debug]         Load.resolveProject(a2) took 237.4816ms
[debug]       Load.loadTransitive: finalizeProject(Project(id a2, base: C:\Desktop Copy\a2, plugins: List(<none>))) took 266.2056ms
[debug] [Loading] Done in C:\Desktop Copy\a2, returning: (a2)
[debug]     Load.loadUnit: loadedProjectsRaw took 8010.5891ms
[debug]     Load.loadUnit: cleanEvalClasses took 78.49ms
[debug]   Load.loadUnit(file:/C:/Desktop%20Copy/a2/, ...) took 45574.229801ms
[debug] Load.apply: load took 45681.5311ms
[debug] Load.apply: resolveProjects took 0.601799ms
[debug] Load.apply: finalTransforms took 226.0836ms
[debug] Load.apply: config.delegates took 1.492801ms
[debug] Load.apply: Def.make(settings)... took 488.560601ms
[debug] Load.apply: structureIndex took 163.9446ms
[debug] Load.apply: mkStreams took 0.0123ms
[info] set current project to a2 (in build file:/C:/Desktop%20Copy/a2/)
[debug] > Exec(sbtPopOnFailure, None, None)
[debug] > Exec(resumeFromFailure, None, None)
[debug] > Exec(notifyUsersAboutShell, None, None)
[debug] > Exec(iflast shell, None, None)
[debug] > Exec(idea-shell, None, None)
